>> loaded 1335 primer pairs
>> validating against target genome
  mapping primers against tropi_assembly
  $ blastn -query data/interim/pcr_validation/all_primers.fa -db data/interim/pcr_validation/db_tropi_assembly -task blastn-short -word_size 7 -ungapped -dust no -outfmt 6 qseqid sseqid pident length mismatch gapopen qstart qend sstart send evalue bitscore qlen qseq sseq
Traceback (most recent call last):
  File "/scratch/Users/bebr1814/tropi_mites/tropilaelaps_primers/scripts/06_pcr_validation_v2.py", line 1190, in <module>
    main()
    ~~~~^^
  File "/scratch/Users/bebr1814/tropi_mites/tropilaelaps_primers/scripts/06_pcr_validation_v2.py", line 868, in main
    ) = validate_genome(
        ~~~~~~~~~~~~~~~^
        target_name,
        ^^^^^^^^^^^^
    ...<10 lines>...
        args.three_prime_window,
        ^^^^^^^^^^^^^^^^^^^^^^^^
    )
    ^
  File "/scratch/Users/bebr1814/tropi_mites/tropilaelaps_primers/scripts/06_pcr_validation_v2.py", line 638, in validate_genome
    sites = parse_blast_hits(
        blast_file,
    ...<4 lines>...
        three_prime_window,
    )
  File "/scratch/Users/bebr1814/tropi_mites/tropilaelaps_primers/scripts/06_pcr_validation_v2.py", line 358, in parse_blast_hits
    raise RuntimeError(
    ...<2 lines>...
    )
RuntimeError: Malformed BLAST line 1 in data/interim/pcr_validation/tropi_assembly.blast.tsv: expected 16 columns, got 15
